Archive member included to satisfy reference by file (symbol)

c:/st/stm32cubeide_1.9.0/stm32cubeide/plugins/com.st.stm32cube.ide.mcu.externaltools.gnu-tools-for-stm32.10.3-2021.10.win32_1.0.0.202111181127/tools/bin/../lib/gcc/arm-none-eabi/10.3.1/../../../../arm-none-eabi/lib/thumb/v7-m/nofp\libc_nano.a(lib_a-errno.o)
                              ./Core/Src/syscalls.o (__errno)
c:/st/stm32cubeide_1.9.0/stm32cubeide/plugins/com.st.stm32cube.ide.mcu.externaltools.gnu-tools-for-stm32.10.3-2021.10.win32_1.0.0.202111181127/tools/bin/../lib/gcc/arm-none-eabi/10.3.1/../../../../arm-none-eabi/lib/thumb/v7-m/nofp\libc_nano.a(lib_a-exit.o)
                              c:/st/stm32cubeide_1.9.0/stm32cubeide/plugins/com.st.stm32cube.ide.mcu.externaltools.gnu-tools-for-stm32.10.3-2021.10.win32_1.0.0.202111181127/tools/bin/../lib/gcc/arm-none-eabi/10.3.1/../../../../arm-none-eabi/lib/thumb/v7-m/nofp/crt0.o (exit)
c:/st/stm32cubeide_1.9.0/stm32cubeide/plugins/com.st.stm32cube.ide.mcu.externaltools.gnu-tools-for-stm32.10.3-2021.10.win32_1.0.0.202111181127/tools/bin/../lib/gcc/arm-none-eabi/10.3.1/../../../../arm-none-eabi/lib/thumb/v7-m/nofp\libc_nano.a(lib_a-impure.o)
                              c:/st/stm32cubeide_1.9.0/stm32cubeide/plugins/com.st.stm32cube.ide.mcu.externaltools.gnu-tools-for-stm32.10.3-2021.10.win32_1.0.0.202111181127/tools/bin/../lib/gcc/arm-none-eabi/10.3.1/../../../../arm-none-eabi/lib/thumb/v7-m/nofp\libc_nano.a(lib_a-exit.o) (_global_impure_ptr)
c:/st/stm32cubeide_1.9.0/stm32cubeide/plugins/com.st.stm32cube.ide.mcu.externaltools.gnu-tools-for-stm32.10.3-2021.10.win32_1.0.0.202111181127/tools/bin/../lib/gcc/arm-none-eabi/10.3.1/../../../../arm-none-eabi/lib/thumb/v7-m/nofp\libc_nano.a(lib_a-init.o)
                              c:/st/stm32cubeide_1.9.0/stm32cubeide/plugins/com.st.stm32cube.ide.mcu.externaltools.gnu-tools-for-stm32.10.3-2021.10.win32_1.0.0.202111181127/tools/bin/../lib/gcc/arm-none-eabi/10.3.1/../../../../arm-none-eabi/lib/thumb/v7-m/nofp/crt0.o (__libc_init_array)
c:/st/stm32cubeide_1.9.0/stm32cubeide/plugins/com.st.stm32cube.ide.mcu.externaltools.gnu-tools-for-stm32.10.3-2021.10.win32_1.0.0.202111181127/tools/bin/../lib/gcc/arm-none-eabi/10.3.1/../../../../arm-none-eabi/lib/thumb/v7-m/nofp\libc_nano.a(lib_a-memset.o)
                              c:/st/stm32cubeide_1.9.0/stm32cubeide/plugins/com.st.stm32cube.ide.mcu.externaltools.gnu-tools-for-stm32.10.3-2021.10.win32_1.0.0.202111181127/tools/bin/../lib/gcc/arm-none-eabi/10.3.1/../../../../arm-none-eabi/lib/thumb/v7-m/nofp/crt0.o (memset)
c:/st/stm32cubeide_1.9.0/stm32cubeide/plugins/com.st.stm32cube.ide.mcu.externaltools.gnu-tools-for-stm32.10.3-2021.10.win32_1.0.0.202111181127/tools/bin/../lib/gcc/arm-none-eabi/10.3.1/thumb/v7-m/nofp\libgcc.a(_arm_muldf3.o)
                              ./Core/Src/Alt.o (__aeabi_dmul)
c:/st/stm32cubeide_1.9.0/stm32cubeide/plugins/com.st.stm32cube.ide.mcu.externaltools.gnu-tools-for-stm32.10.3-2021.10.win32_1.0.0.202111181127/tools/bin/../lib/gcc/arm-none-eabi/10.3.1/thumb/v7-m/nofp\libgcc.a(_arm_mulsf3.o)
                              ./Core/Src/BMI088.o (__aeabi_fmul)
c:/st/stm32cubeide_1.9.0/stm32cubeide/plugins/com.st.stm32cube.ide.mcu.externaltools.gnu-tools-for-stm32.10.3-2021.10.win32_1.0.0.202111181127/tools/bin/../lib/gcc/arm-none-eabi/10.3.1/thumb/v7-m/nofp\libgcc.a(_arm_addsubdf3.o)
                              ./Core/Src/Alt.o (__aeabi_dsub)
c:/st/stm32cubeide_1.9.0/stm32cubeide/plugins/com.st.stm32cube.ide.mcu.externaltools.gnu-tools-for-stm32.10.3-2021.10.win32_1.0.0.202111181127/tools/bin/../lib/gcc/arm-none-eabi/10.3.1/thumb/v7-m/nofp\libgcc.a(_arm_muldivdf3.o)
                              ./Core/Src/Alt.o (__aeabi_ddiv)
c:/st/stm32cubeide_1.9.0/stm32cubeide/plugins/com.st.stm32cube.ide.mcu.externaltools.gnu-tools-for-stm32.10.3-2021.10.win32_1.0.0.202111181127/tools/bin/../lib/gcc/arm-none-eabi/10.3.1/thumb/v7-m/nofp\libgcc.a(_arm_fixdfsi.o)
                              ./Core/Src/Alt.o (__aeabi_d2iz)
c:/st/stm32cubeide_1.9.0/stm32cubeide/plugins/com.st.stm32cube.ide.mcu.externaltools.gnu-tools-for-stm32.10.3-2021.10.win32_1.0.0.202111181127/tools/bin/../lib/gcc/arm-none-eabi/10.3.1/thumb/v7-m/nofp\libgcc.a(_arm_addsubsf3.o)
                              ./Core/Src/BMI088.o (__aeabi_i2f)
c:/st/stm32cubeide_1.9.0/stm32cubeide/plugins/com.st.stm32cube.ide.mcu.externaltools.gnu-tools-for-stm32.10.3-2021.10.win32_1.0.0.202111181127/tools/bin/../lib/gcc/arm-none-eabi/10.3.1/thumb/v7-m/nofp\libgcc.a(_fixdfdi.o)
                              ./Core/Src/Alt.o (__aeabi_d2lz)
c:/st/stm32cubeide_1.9.0/stm32cubeide/plugins/com.st.stm32cube.ide.mcu.externaltools.gnu-tools-for-stm32.10.3-2021.10.win32_1.0.0.202111181127/tools/bin/../lib/gcc/arm-none-eabi/10.3.1/thumb/v7-m/nofp\libgcc.a(_fixunsdfdi.o)
[...]
Memory Configuration

Name             Origin             Length             Attributes
RAM              0x0000000020000000 0x0000000000002800 xrw
FLASH            0x0000000008000000 0x0000000000008000 xr
*default*        0x0000000000000000 0xffffffffffffffff

Linker script and memory map

LOAD c:/st/stm32cubeide_1.9.0/stm32cubeide/plugins/com.st.stm32cube.ide.mcu.externaltools.gnu-tools-for-stm32.10.3-2021.10.win32_1.0.0.202111181127/tools/bin/../lib/gcc/arm-none-eabi/10.3.1/thumb/v7-m/nofp/crti.o
LOAD c:/st/stm32cubeide_1.9.0/stm32cubeide/plugins/com.st.stm32cube.ide.mcu.externaltools.gnu-tools-for-stm32.10.3-2021.10.win32_1.0.0.202111181127/tools/bin/../lib/gcc/arm-none-eabi/10.3.1/thumb/v7-m/nofp/crtbegin.o
LOAD c:/st/stm32cubeide_1.9.0/stm32cubeide/plugins/com.st.stm32cube.ide.mcu.externaltools.gnu-tools-for-stm32.10.3-2021.10.win32_1.0.0.202111181127/tools/bin/../lib/gcc/arm-none-eabi/10.3.1/../../../../arm-none-eabi/lib/thumb/v7-m/nofp/crt0.o
LOAD ./Core/Src/Alt.o
LOAD ./Core/Src/BMI088.o
LOAD ./Core/Src/dma.o
LOAD ./Core/Src/gpio.o
LOAD ./Core/Src/main.o
LOAD ./Core/Src/spi.o
LOAD ./Core/Src/stm32f1xx_hal_msp.o
LOAD ./Core/Src/stm32f1xx_it.o
LOAD ./Core/Src/syscalls.o
LOAD ./Core/Src/sysmem.o
LOAD ./Core/Src/system_stm32f1xx.o
LOAD ./Core/Src/usart.o
LOAD ./Core/Startup/startup_stm32f103c6tx.o
LOAD ./Drivers/STM32F1xx_HAL_Driver/Src/stm32f1xx_hal.o
LOAD ./Drivers/STM32F1xx_HAL_Driver/Src/stm32f1xx_hal_cortex.o
LOAD ./Drivers/STM32F1xx_HAL_Driver/Src/stm32f1xx_hal_dma.o
LOAD ./Drivers/STM32F1xx_HAL_Driver/Src/stm32f1xx_hal_exti.o
LOAD ./Drivers/STM32F1xx_HAL_Driver/Src/stm32f1xx_hal_flash.o
LOAD ./Drivers/STM32F1xx_HAL_Driver/Src/stm32f1xx_hal_flash_ex.o
LOAD ./Drivers/STM32F1xx_HAL_Driver/Src/stm32f1xx_hal_gpio.o
LOAD ./Drivers/STM32F1xx_HAL_Driver/Src/stm32f1xx_hal_gpio_ex.o
LOAD ./Drivers/STM32F1xx_HAL_Driver/Src/stm32f1xx_hal_pwr.o
LOAD ./Drivers/STM32F1xx_HAL_Driver/Src/stm32f1xx_hal_rcc.o
LOAD ./Drivers/STM32F1xx_HAL_Driver/Src/stm32f1xx_hal_rcc_ex.o
LOAD ./Drivers/STM32F1xx_HAL_Driver/Src/stm32f1xx_hal_spi.o
LOAD ./Drivers/STM32F1xx_HAL_Driver/Src/stm32f1xx_hal_tim.o
LOAD ./Drivers/STM32F1xx_HAL_Driver/Src/stm32f1xx_hal_tim_ex.o
LOAD ./Drivers/STM32F1xx_HAL_Driver/Src/stm32f1xx_hal_uart.o
START GROUP
LOAD c:/st/stm32cubeide_1.9.0/stm32cubeide/plugins/com.st.stm32cube.ide.mcu.externaltools.gnu-tools-for-stm32.10.3-2021.10.win32_1.0.0.202111181127/tools/bin/../lib/gcc/arm-none-eabi/10.3.1/../../../../arm-none-eabi/lib/thumb/v7-m/nofp\libc_nano.a
LOAD c:/st/stm32cubeide_1.9.0/stm32cubeide/plugins/com.st.stm32cube.ide.mcu.externaltools.gnu-tools-for-stm32.10.3-2021.10.win32_1.0.0.202111181127/tools/bin/../lib/gcc/arm-none-eabi/10.3.1/../../../../arm-none-eabi/lib/thumb/v7-m/nofp\libm.a
END GROUP
START GROUP
LOAD c:/st/stm32cubeide_1.9.0/stm32cubeide/plugins/com.st.stm32cube.ide.mcu.externaltools.gnu-tools-for-stm32.10.3-2021.10.win32_1.0.0.202111181127/tools/bin/../lib/gcc/arm-none-eabi/10.3.1/thumb/v7-m/nofp\libgcc.a
LOAD c:/st/stm32cubeide_1.9.0/stm32cubeide/plugins/com.st.stm32cube.ide.mcu.externaltools.gnu-tools-for-stm32.10.3-2021.10.win32_1.0.0.202111181127/tools/bin/../lib/gcc/arm-none-eabi/10.3.1/../../../../arm-none-eabi/lib/thumb/v7-m/nofp\libc_nano.a
END GROUP
START GROUP
LOAD c:/st/stm32cubeide_1.9.0/stm32cubeide/plugins/com.st.stm32cube.ide.mcu.externaltools.gnu-tools-for-stm32.10.3-2021.10.win32_1.0.0.202111181127/tools/bin/../lib/gcc/arm-none-eabi/10.3.1/thumb/v7-m/nofp\libgcc.a
LOAD c:/st/stm32cubeide_1.9.0/stm32cubeide/plugins/com.st.stm32cube.ide.mcu.externaltools.gnu-tools-for-stm32.10.3-2021.10.win32_1.0.0.202111181127/tools/bin/../lib/gcc/arm-none-eabi/10.3.1/../../../../arm-none-eabi/lib/thumb/v7-m/nofp\libc_nano.a
LOAD c:/st/stm32cubeide_1.9.0/stm32cubeide/plugins/com.st.stm32cube.ide.mcu.externaltools.gnu-tools-for-stm32.10.3-2021.10.win32_1.0.0.202111181127/tools/bin/../lib/gcc/arm-none-eabi/10.3.1/../../../../arm-none-eabi/lib/thumb/v7-m/nofp\libnosys.a
END GROUP
START GROUP
LOAD c:/st/stm32cubeide_1.9.0/stm32cubeide/plugins/com.st.stm32cube.ide.mcu.externaltools.gnu-tools-for-stm32.10.3-2021.10.win32_1.0.0.202111181127/tools/bin/../lib/gcc/arm-none-eabi/10.3.1/thumb/v7-m/nofp\libgcc.a
LOAD c:/st/stm32cubeide_1.9.0/stm32cubeide/plugins/com.st.stm32cube.ide.mcu.externaltools.gnu-tools-for-stm32.10.3-2021.10.win32_1.0.0.202111181127/tools/bin/../lib/gcc/arm-none-eabi/10.3.1/../../../../arm-none-eabi/lib/thumb/v7-m/nofp\libc_nano.a
LOAD c:/st/stm32cubeide_1.9.0/stm32cubeide/plugins/com.st.stm32cube.ide.mcu.externaltools.gnu-tools-for-stm32.10.3-2021.10.win32_1.0.0.202111181127/tools/bin/../lib/gcc/arm-none-eabi/10.3.1/../../../../arm-none-eabi/lib/thumb/v7-m/nofp\libnosys.a
END GROUP
LOAD c:/st/stm32cubeide_1.9.0/stm32cubeide/plugins/com.st.stm32cube.ide.mcu.externaltools.gnu-tools-for-stm32.10.3-2021.10.win32_1.0.0.202111181127/tools/bin/../lib/gcc/arm-none-eabi/10.3.1/thumb/v7-m/nofp/crtend.o
LOAD c:/st/stm32cubeide_1.9.0/stm32cubeide/plugins/com.st.stm32cube.ide.mcu.externaltools.gnu-tools-for-stm32.10.3-2021.10.win32_1.0.0.202111181127/tools/bin/../lib/gcc/arm-none-eabi/10.3.1/thumb/v7-m/nofp/crtn.o
                0x0000000020002800                _estack = (ORIGIN (RAM) + LENGTH (RAM))
                0x0000000000000200                _Min_Heap_Size = 0x200
                0x0000000000000400                _Min_Stack_Size = 0x400

.isr_vector     0x0000000008000000      0x10c
                0x0000000008000000                . = ALIGN (0x4)
 *(.isr_vector)
 .isr_vector    0x0000000008000000      0x10c ./Core/Startup/startup_stm32f103c6tx.o
                0x0000000008000000                g_pfnVectors
                0x000000000800010c                . = ALIGN (0x4)

.text           0x000000000800010c     0x326c
                0x000000000800010c                . = ALIGN (0x4)
 *(.text)
 .text          0x000000000800010c       0x40 c:/st/stm32cubeide_1.9.0/stm32cubeide/plugins/com.st.stm32cube.ide.mcu.externaltools.gnu-tools-for-stm32.10.3-2021.10.win32_1.0.0.202111181127/tools/bin/../lib/gcc/arm-none-eabi/10.3.1/thumb/v7-m/nofp/crtbegin.o
 .text          0x000000000800014c      0x168 c:/st/stm32cubeide_1.9.0/stm32cubeide/plugins/com.st.stm32cube.ide.mcu.externaltools.gnu-tools-for-stm32.10.3-2021.10.win32_1.0.0.202111181127/tools/bin/../lib/gcc/arm-none-eabi/10.3.1/thumb/v7-m/nofp\libgcc.a(_arm_mulsf3.o)
                0x000000000800014c                __aeabi_fmul
                0x000000000800014c                __mulsf3
 .text          0x00000000080002b4      0x21c c:/st/stm32cubeide_1.9.0/stm32cubeide/plugins/com.st.stm32cube.ide.mcu.externaltools.gnu-tools-for-stm32.10.3-2021.10.win32_1.0.0.202111181127/tools/bin/../lib/gcc/arm-none-eabi/10.3.1/thumb/v7-m/nofp\libgcc.a(_arm_addsubsf3.o)
                0x00000000080002b4                __aeabi_frsub
                0x00000000080002bc                __subsf3
                0x00000000080002bc                __aeabi_fsub
                0x00000000080002c0                __aeabi_fadd
                0x00000000080002c0                __addsf3
                0x0000000008000420                __aeabi_ui2f
                0x0000000008000420                __floatunsisf
                0x0000000008000428                __aeabi_i2f
                0x0000000008000428                __floatsisf
                0x0000000008000444                __aeabi_ul2f
                0x0000000008000444                __floatundisf
                0x0000000008000454                __aeabi_l2f
                0x0000000008000454                __floatdisf
 *(.text*)
 .text.led      0x00000000080004d0       0x38 ./Core/Src/Alt.o
                0x00000000080004d0                led
 .text.gyro_NCS
                0x0000000008000508       0x34 ./Core/Src/BMI088.o
                0x0000000008000508                gyro_NCS
 .text.accel_NCS
                0x000000000800053c       0x34 ./Core/Src/BMI088.o
                0x000000000800053c                accel_NCS
 .text.BMI088_Init
                0x0000000008000570      0x1f8 ./Core/Src/BMI088.o
                0x0000000008000570                BMI088_Init
 .text.BMI088_ReadAccRegister
                0x0000000008000768       0x68 ./Core/Src/BMI088.o
                0x0000000008000768                BMI088_ReadAccRegister
 .text.BMI088_ReadGyrRegister
                0x00000000080007d0       0x64 ./Core/Src/BMI088.o
                0x00000000080007d0                BMI088_ReadGyrRegister
 .text.BMI088_WriteAccRegister
                0x0000000008000834       0x60 ./Core/Src/BMI088.o
                0x0000000008000834                BMI088_WriteAccRegister
 .text.BMI088_WriteGyrRegister
                0x0000000008000894       0x60 ./Core/Src/BMI088.o
                0x0000000008000894                BMI088_WriteGyrRegister
 .text.BMI088_ReadAccelerometerDMA
                0x00000000080008f4       0x44 ./Core/Src/BMI088.o
                0x00000000080008f4                BMI088_ReadAccelerometerDMA
 .text.BMI088_ReadAccelerometerDMA_Complete
                0x0000000008000938       0xca ./Core/Src/BMI088.o
                0x0000000008000938                BMI088_ReadAccelerometerDMA_Complete
 .text.BMI088_ReadGyroscopeDMA
                0x0000000008000a02       0x44 ./Core/Src/BMI088.o
                0x0000000008000a02                BMI088_ReadGyroscopeDMA
 .text.BMI088_ReadGyroscopeDMA_Complete
                0x0000000008000a46       0xca ./Core/Src/BMI088.o
                0x0000000008000a46                BMI088_ReadGyroscopeDMA_Complete
 .text.MX_DMA_Init
                0x0000000008000b10       0x4c ./Core/Src/dma.o
                0x0000000008000b10                MX_DMA_Init
 .text.MX_GPIO_Init
                0x0000000008000b5c      0x130 ./Core/Src/gpio.o
                0x0000000008000b5c                MX_GPIO_Init
 .text.HAL_SPI_TxRxCpltCallback
                0x0000000008000c8c       0x40 ./Core/Src/main.o
                0x0000000008000c8c                HAL_SPI_TxRxCpltCallback
 .text.HAL_GPIO_EXTI_Callback
                0x0000000008000ccc       0x30 ./Core/Src/main.o
                0x0000000008000ccc                HAL_GPIO_EXTI_Callback
 .text.main     0x0000000008000cfc       0x44 ./Core/Src/main.o
                0x0000000008000cfc                main
 .text.SystemClock_Config
                0x0000000008000d40       0x8a ./Core/Src/main.o
                0x0000000008000d40                SystemClock_Config
 .text.Error_Handler
                0x0000000008000dca        0xa ./Core/Src/main.o
                0x0000000008000dca                Error_Handler
 .text.MX_SPI1_Init
                0x0000000008000dd4       0x6c ./Core/Src/spi.o
                0x0000000008000dd4                MX_SPI1_Init
 .text.HAL_SPI_MspInit
                0x0000000008000e40      0x164 ./Core/Src/spi.o
                0x0000000008000e40                HAL_SPI_MspInit
 .text.HAL_MspInit
                0x0000000008000fa4       0x70 ./Core/Src/stm32f1xx_hal_msp.o
                0x0000000008000fa4                HAL_MspInit
 .text.NMI_Handler
                0x0000000008001014        0x6 ./Core/Src/stm32f1xx_it.o
                0x0000000008001014                NMI_Handler
 .text.HardFault_Handler
                0x000000000800101a        0x6 ./Core/Src/stm32f1xx_it.o
                0x000000000800101a                HardFault_Handler
 .text.MemManage_Handler
                0x0000000008001020        0x6 ./Core/Src/stm32f1xx_it.o
                0x0000000008001020                MemManage_Handler
 .text.BusFault_Handler
                0x0000000008001026        0x6 ./Core/Src/stm32f1xx_it.o
                0x0000000008001026                BusFault_Handler
 .text.UsageFault_Handler
                0x000000000800102c        0x6 ./Core/Src/stm32f1xx_it.o
                0x000000000800102c                UsageFault_Handler
 .text.SVC_Handler
                0x0000000008001032        0xc ./Core/Src/stm32f1xx_it.o
                0x0000000008001032                SVC_Handler
 .text.DebugMon_Handler
                0x000000000800103e        0xc ./Core/Src/stm32f1xx_it.o
                0x000000000800103e                DebugMon_Handler
 .text.PendSV_Handler
                0x000000000800104a        0xc ./Core/Src/stm32f1xx_it.o
                0x000000000800104a                PendSV_Handler
 .text.SysTick_Handler
                0x0000000008001056        0xc ./Core/Src/stm32f1xx_it.o
                0x0000000008001056                SysTick_Handler
 .text.EXTI2_IRQHandler
                0x0000000008001062        0xe ./Core/Src/stm32f1xx_it.o
                0x0000000008001062                EXTI2_IRQHandler
 .text.DMA1_Channel2_IRQHandler
                0x0000000008001070       0x14 ./Core/Src/stm32f1xx_it.o
                0x0000000008001070                DMA1_Channel2_IRQHandler
 .text.DMA1_Channel3_IRQHandler
                0x0000000008001084       0x14 ./Core/Src/stm32f1xx_it.o
                0x0000000008001084                DMA1_Channel3_IRQHandler
 .text.EXTI9_5_IRQHandler
                0x0000000008001098        0xe ./Core/Src/stm32f1xx_it.o
                0x0000000008001098                EXTI9_5_IRQHandler
 *fill*         0x00000000080010a6        0x2 
 .text.SystemInit
                0x00000000080010a8       0x18 ./Core/Src/system_stm32f1xx.o
                0x00000000080010a8                SystemInit
 .text.MX_USART1_UART_Init
                0x00000000080010c0       0x54 ./Core/Src/usart.o
                0x00000000080010c0                MX_USART1_UART_Init
 .text.HAL_UART_MspInit
                0x0000000008001114       0x98 ./Core/Src/usart.o
                0x0000000008001114                HAL_UART_MspInit
 .text.Reset_Handler
                0x00000000080011ac       0x48 ./Core/Startup/startup_stm32f103c6tx.o
                0x00000000080011ac                Reset_Handler
 .text.Default_Handler
                0x00000000080011f4        0x2 ./Core/Startup/startup_stm32f103c6tx.o
                0x00000000080011f4                RTC_Alarm_IRQHandler
                0x00000000080011f4                TIM1_CC_IRQHandler
                0x00000000080011f4                PVD_IRQHandler
                0x00000000080011f4                EXTI3_IRQHandler
                0x00000000080011f4                EXTI0_IRQHandler
                0x00000000080011f4                ADC1_2_IRQHandler
                0x00000000080011f4                SPI1_IRQHandler
                0x00000000080011f4                TAMPER_IRQHandler
                0x00000000080011f4                DMA1_Channel4_IRQHandler
                0x00000000080011f4                RTC_IRQHandler
                0x00000000080011f4                DMA1_Channel7_IRQHandler
                0x00000000080011f4                CAN1_RX1_IRQHandler
                0x00000000080011f4                I2C1_EV_IRQHandler
                0x00000000080011f4                DMA1_Channel6_IRQHandler
                0x00000000080011f4                TIM3_IRQHandler
                0x00000000080011f4                RCC_IRQHandler
                0x00000000080011f4                TIM1_TRG_COM_IRQHandler
                0x00000000080011f4                DMA1_Channel1_IRQHandler
                0x00000000080011f4                Default_Handler
                0x00000000080011f4                EXTI15_10_IRQHandler
                0x00000000080011f4                DMA1_Channel5_IRQHandler
                0x00000000080011f4                EXTI4_IRQHandler
                0x00000000080011f4                USB_LP_CAN1_RX0_IRQHandler
                0x00000000080011f4                USB_HP_CAN1_TX_IRQHandler
                0x00000000080011f4                TIM1_UP_IRQHandler
                0x00000000080011f4                WWDG_IRQHandler
                0x00000000080011f4                TIM2_IRQHandler
                0x00000000080011f4                TIM1_BRK_IRQHandler
                0x00000000080011f4                EXTI1_IRQHandler
                0x00000000080011f4                USART2_IRQHandler
                0x00000000080011f4                CAN1_SCE_IRQHandler
                0x00000000080011f4                FLASH_IRQHandler
                0x00000000080011f4                USART1_IRQHandler
                0x00000000080011f4                I2C1_ER_IRQHandler
                0x00000000080011f4                USBWakeUp_IRQHandler
 *fill*         0x00000000080011f6        0x2 
 .text.HAL_Init
                0x00000000080011f8       0x2c ./Drivers/STM32F1xx_HAL_Driver/Src/stm32f1xx_hal.o
                0x00000000080011f8                HAL_Init
 .text.HAL_InitTick
                0x0000000008001224       0x60 ./Drivers/STM32F1xx_HAL_Driver/Src/stm32f1xx_hal.o
                0x0000000008001224                HAL_InitTick
 .text.HAL_IncTick
                0x0000000008001284       0x24 ./Drivers/STM32F1xx_HAL_Driver/Src/stm32f1xx_hal.o
                0x0000000008001284                HAL_IncTick
 .text.HAL_GetTick
                0x00000000080012a8       0x14 ./Drivers/STM32F1xx_HAL_Driver/Src/stm32f1xx_hal.o
                0x00000000080012a8                HAL_GetTick
 .text.HAL_Delay
                0x00000000080012bc       0x48 ./Drivers/STM32F1xx_HAL_Driver/Src/stm32f1xx_hal.o
                0x00000000080012bc                HAL_Delay
 .text.__NVIC_SetPriorityGrouping
                0x0000000008001304       0x48 ./Drivers/STM32F1xx_HAL_Driver/Src/stm32f1xx_hal_cortex.o
 .text.__NVIC_GetPriorityGrouping
                0x000000000800134c       0x1c ./Drivers/STM32F1xx_HAL_Driver/Src/stm32f1xx_hal_cortex.o
 .text.__NVIC_EnableIRQ
                0x0000000008001368       0x38 ./Drivers/STM32F1xx_HAL_Driver/Src/stm32f1xx_hal_cortex.o
 .text.__NVIC_SetPriority
                0x00000000080013a0       0x54 ./Drivers/STM32F1xx_HAL_Driver/Src/stm32f1xx_hal_cortex.o
 .text.NVIC_EncodePriority
                0x00000000080013f4       0x64 ./Drivers/STM32F1xx_HAL_Driver/Src/stm32f1xx_hal_cortex.o
 .text.SysTick_Config
                0x0000000008001458       0x44 ./Drivers/STM32F1xx_HAL_Driver/Src/stm32f1xx_hal_cortex.o
 .text.HAL_NVIC_SetPriorityGrouping
                0x000000000800149c       0x16 ./Drivers/STM32F1xx_HAL_Driver/Src/stm32f1xx_hal_cortex.o
                0x000000000800149c                HAL_NVIC_SetPriorityGrouping
 .text.HAL_NVIC_SetPriority
                0x00000000080014b2       0x38 ./Drivers/STM32F1xx_HAL_Driver/Src/stm32f1xx_hal_cortex.o
                0x00000000080014b2                HAL_NVIC_SetPriority
 .text.HAL_NVIC_EnableIRQ
                0x00000000080014ea       0x1c ./Drivers/STM32F1xx_HAL_Driver/Src/stm32f1xx_hal_cortex.o
                0x00000000080014ea                HAL_NVIC_EnableIRQ
 .text.HAL_SYSTICK_Config
                0x0000000008001506       0x18 ./Drivers/STM32F1xx_HAL_Driver/Src/stm32f1xx_hal_cortex.o
                0x0000000008001506                HAL_SYSTICK_Config
 *fill*         0x000000000800151e        0x2 
 .text.HAL_DMA_Init
                0x0000000008001520       0xb4 ./Drivers/STM32F1xx_HAL_Driver/Src/stm32f1xx_hal_dma.o
                0x0000000008001520                HAL_DMA_Init
 .text.HAL_DMA_Start_IT
                0x00000000080015d4       0xbe ./Drivers/STM32F1xx_HAL_Driver/Src/stm32f1xx_hal_dma.o
                0x00000000080015d4                HAL_DMA_Start_IT
 *fill*         0x0000000008001692        0x2 
 .text.HAL_DMA_IRQHandler
                0x0000000008001694      0x20c ./Drivers/STM32F1xx_HAL_Driver/Src/stm32f1xx_hal_dma.o
                0x0000000008001694                HAL_DMA_IRQHandler
 .text.DMA_SetConfig
                0x00000000080018a0       0x5a ./Drivers/STM32F1xx_HAL_Driver/Src/stm32f1xx_hal_dma.o
 *fill*         0x00000000080018fa        0x2 
 .text.HAL_GPIO_Init
                0x00000000080018fc      0x2f8 ./Drivers/STM32F1xx_HAL_Driver/Src/stm32f1xx_hal_gpio.o
                0x00000000080018fc                HAL_GPIO_Init
 .text.HAL_GPIO_WritePin
                0x0000000008001bf4       0x30 ./Drivers/STM32F1xx_HAL_Driver/Src/stm32f1xx_hal_gpio.o
                0x0000000008001bf4                HAL_GPIO_WritePin
 .text.HAL_GPIO_EXTI_IRQHandler
                0x0000000008001c24       0x30 ./Drivers/STM32F1xx_HAL_Driver/Src/stm32f1xx_hal_gpio.o
                0x0000000008001c24                HAL_GPIO_EXTI_IRQHandler
 .text.HAL_RCC_OscConfig
                0x0000000008001c54      0x504 ./Drivers/STM32F1xx_HAL_Driver/Src/stm32f1xx_hal_rcc.o
                0x0000000008001c54                HAL_RCC_OscConfig
 .text.HAL_RCC_ClockConfig
                0x0000000008002158      0x1d4 ./Drivers/STM32F1xx_HAL_Driver/Src/stm32f1xx_hal_rcc.o
                0x0000000008002158                HAL_RCC_ClockConfig
 .text.HAL_RCC_GetSysClockFreq
                0x000000000800232c       0xbc ./Drivers/STM32F1xx_HAL_Driver/Src/stm32f1xx_hal_rcc.o
                0x000000000800232c                HAL_RCC_GetSysClockFreq
 .text.HAL_RCC_GetHCLKFreq
                0x00000000080023e8       0x14 ./Drivers/STM32F1xx_HAL_Driver/Src/stm32f1xx_hal_rcc.o
                0x00000000080023e8                HAL_RCC_GetHCLKFreq
 .text.HAL_RCC_GetPCLK1Freq
                0x00000000080023fc       0x28 ./Drivers/STM32F1xx_HAL_Driver/Src/stm32f1xx_hal_rcc.o
                0x00000000080023fc                HAL_RCC_GetPCLK1Freq
 .text.HAL_RCC_GetPCLK2Freq
                0x0000000008002424       0x28 ./Drivers/STM32F1xx_HAL_Driver/Src/stm32f1xx_hal_rcc.o
                0x0000000008002424                HAL_RCC_GetPCLK2Freq
 .text.RCC_Delay
                0x000000000800244c       0x3c ./Drivers/STM32F1xx_HAL_Driver/Src/stm32f1xx_hal_rcc.o
 .text.HAL_SPI_Init
                0x0000000008002488      0x108 ./Drivers/STM32F1xx_HAL_Driver/Src/stm32f1xx_hal_spi.o
                0x0000000008002488                HAL_SPI_Init
 .text.HAL_SPI_Transmit
                0x0000000008002590      0x278 ./Drivers/STM32F1xx_HAL_Driver/Src/stm32f1xx_hal_spi.o
                0x0000000008002590                HAL_SPI_Transmit
 .text.HAL_SPI_TransmitReceive
                0x0000000008002808      0x344 ./Drivers/STM32F1xx_HAL_Driver/Src/stm32f1xx_hal_spi.o
                0x0000000008002808                HAL_SPI_TransmitReceive
 .text.HAL_SPI_TransmitReceive_DMA
                0x0000000008002b4c      0x204 ./Drivers/STM32F1xx_HAL_Driver/Src/stm32f1xx_hal_spi.o
                0x0000000008002b4c                HAL_SPI_TransmitReceive_DMA
 .text.HAL_SPI_RxCpltCallback
                0x0000000008002d50       0x12 ./Drivers/STM32F1xx_HAL_Driver/Src/stm32f1xx_hal_spi.o
                0x0000000008002d50                HAL_SPI_RxCpltCallback
 .text.HAL_SPI_RxHalfCpltCallback
                0x0000000008002d62       0x12 ./Drivers/STM32F1xx_HAL_Driver/Src/stm32f1xx_hal_spi.o
                0x0000000008002d62                HAL_SPI_RxHalfCpltCallback
 .text.HAL_SPI_TxRxHalfCpltCallback
                0x0000000008002d74       0x12 ./Drivers/STM32F1xx_HAL_Driver/Src/stm32f1xx_hal_spi.o
                0x0000000008002d74                HAL_SPI_TxRxHalfCpltCallback
 .text.HAL_SPI_ErrorCallback
                0x0000000008002d86       0x12 ./Drivers/STM32F1xx_HAL_Driver/Src/stm32f1xx_hal_spi.o
                0x0000000008002d86                HAL_SPI_ErrorCallback
 .text.HAL_SPI_GetState
                0x0000000008002d98       0x1a ./Drivers/STM32F1xx_HAL_Driver/Src/stm32f1xx_hal_spi.o
                0x0000000008002d98                HAL_SPI_GetState
 .text.SPI_DMAReceiveCplt
                0x0000000008002db2       0xa6 ./Drivers/STM32F1xx_HAL_Driver/Src/stm32f1xx_hal_spi.o
 .text.SPI_DMATransmitReceiveCplt
                0x0000000008002e58       0x8e ./Drivers/STM32F1xx_HAL_Driver/Src/stm32f1xx_hal_spi.o
 .text.SPI_DMAHalfReceiveCplt
                0x0000000008002ee6       0x1c ./Drivers/STM32F1xx_HAL_Driver/Src/stm32f1xx_hal_spi.o
 .text.SPI_DMAHalfTransmitReceiveCplt
                0x0000000008002f02       0x1c ./Drivers/STM32F1xx_HAL_Driver/Src/stm32f1xx_hal_spi.o
 .text.SPI_DMAError
                0x0000000008002f1e       0x40 ./Drivers/STM32F1xx_HAL_Driver/Src/stm32f1xx_hal_spi.o
 *fill*         0x0000000008002f5e        0x2 
 .text.SPI_WaitFlagStateUntilTimeout
                0x0000000008002f60      0x110 ./Drivers/STM32F1xx_HAL_Driver/Src/stm32f1xx_hal_spi.o
 .text.SPI_EndRxTransaction
                0x0000000008003070       0xa4 ./Drivers/STM32F1xx_HAL_Driver/Src/stm32f1xx_hal_spi.o
 .text.SPI_EndRxTxTransaction
                0x0000000008003114       0x3c ./Drivers/STM32F1xx_HAL_Driver/Src/stm32f1xx_hal_spi.o
 .text.HAL_UART_Init
                0x0000000008003150       0x9a ./Drivers/STM32F1xx_HAL_Driver/Src/stm32f1xx_hal_uart.o
                0x0000000008003150                HAL_UART_Init
 *fill*         0x00000000080031ea        0x2 
 .text.UART_SetConfig
                0x00000000080031ec      0x11c ./Drivers/STM32F1xx_HAL_Driver/Src/stm32f1xx_hal_uart.o
 .text.__libc_init_array
                0x0000000008003308       0x48 c:/st/stm32cubeide_1.9.0/stm32cubeide/plugins/com.st.stm32cube.ide.mcu.externaltools.gnu-tools-for-stm32.10.3-2021.10.win32_1.0.0.202111181127/tools/bin/../lib/gcc/arm-none-eabi/10.3.1/../../../../arm-none-eabi/lib/thumb/v7-m/nofp\libc_nano.a(lib_a-init.o)
                0x0000000008003308                __libc_init_array
 .text.memset   0x0000000008003350       0x10 c:/st/stm32cubeide_1.9.0/stm32cubeide/plugins/com.st.stm32cube.ide.mcu.externaltools.gnu-tools-for-stm32.10.3-2021.10.win32_1.0.0.202111181127/tools/bin/../lib/gcc/arm-none-eabi/10.3.1/../../../../arm-none-eabi/lib/thumb/v7-m/nofp\libc_nano.a(lib_a-memset.o)
                0x0000000008003350                memset
 *(.glue_7)
 .glue_7        0x0000000008003360        0x0 linker stubs
 *(.glue_7t)
 .glue_7t       0x0000000008003360        0x0 linker stubs
 *(.eh_frame)
 .eh_frame      0x0000000008003360        0x0 c:/st/stm32cubeide_1.9.0/stm32cubeide/plugins/com.st.stm32cube.ide.mcu.externaltools.gnu-tools-for-stm32.10.3-2021.10.win32_1.0.0.202111181127/tools/bin/../lib/gcc/arm-none-eabi/10.3.1/thumb/v7-m/nofp/crtbegin.o
 *(.init)
 .init          0x0000000008003360        0x4 c:/st/stm32cubeide_1.9.0/stm32cubeide/plugins/com.st.stm32cube.ide.mcu.externaltools.gnu-tools-for-stm32.10.3-2021.10.win32_1.0.0.202111181127/tools/bin/../lib/gcc/arm-none-eabi/10.3.1/thumb/v7-m/nofp/crti.o
                0x0000000008003360                _init
 .init          0x0000000008003364        0x8 c:/st/stm32cubeide_1.9.0/stm32cubeide/plugins/com.st.stm32cube.ide.mcu.externaltools.gnu-tools-for-stm32.10.3-2021.10.win32_1.0.0.202111181127/tools/bin/../lib/gcc/arm-none-eabi/10.3.1/thumb/v7-m/nofp/crtn.o
 *(.fini)
 .fini          0x000000000800336c        0x4 c:/st/stm32cubeide_1.9.0/stm32cubeide/plugins/com.st.stm32cube.ide.mcu.externaltools.gnu-tools-for-stm32.10.3-2021.10.win32_1.0.0.202111181127/tools/bin/../lib/gcc/arm-none-eabi/10.3.1/thumb/v7-m/nofp/crti.o
                0x000000000800336c                _fini
 .fini          0x0000000008003370        0x8 c:/st/stm32cubeide_1.9.0/stm32cubeide/plugins/com.st.stm32cube.ide.mcu.externaltools.gnu-tools-for-stm32.10.3-2021.10.win32_1.0.0.202111181127/tools/bin/../lib/gcc/arm-none-eabi/10.3.1/thumb/v7-m/nofp/crtn.o
                0x0000000008003378                . = ALIGN (0x4)
                0x0000000008003378                _etext = .

.vfp11_veneer   0x0000000008003378        0x0
 .vfp11_veneer  0x0000000008003378        0x0 linker stubs

.v4_bx          0x0000000008003378        0x0
 .v4_bx         0x0000000008003378        0x0 linker stubs

.iplt           0x0000000008003378        0x0
 .iplt          0x0000000008003378        0x0 c:/st/stm32cubeide_1.9.0/stm32cubeide/plugins/com.st.stm32cube.ide.mcu.externaltools.gnu-tools-for-stm32.10.3-2021.10.win32_1.0.0.202111181127/tools/bin/../lib/gcc/arm-none-eabi/10.3.1/thumb/v7-m/nofp/crtbegin.o

.rodata         0x0000000008003378       0x28
                0x0000000008003378                . = ALIGN (0x4)
 *(.rodata)
 .rodata        0x0000000008003378       0x10 ./Drivers/STM32F1xx_HAL_Driver/Src/stm32f1xx_hal_rcc.o
 *(.rodata*)
 .rodata.AHBPrescTable
                0x0000000008003388       0x10 ./Core/Src/system_stm32f1xx.o
                0x0000000008003388                AHBPrescTable
 .rodata.APBPrescTable
                0x0000000008003398        0x8 ./Core/Src/system_stm32f1xx.o
                0x0000000008003398                APBPrescTable
                0x00000000080033a0                . = ALIGN (0x4)

.rel.dyn        0x00000000080033a0        0x0
 .rel.iplt      0x00000000080033a0        0x0 c:/st/stm32cubeide_1.9.0/stm32cubeide/plugins/com.st.stm32cube.ide.mcu.externaltools.gnu-tools-for-stm32.10.3-2021.10.win32_1.0.0.202111181127/tools/bin/../lib/gcc/arm-none-eabi/10.3.1/thumb/v7-m/nofp/crtbegin.o

.ARM.extab      0x00000000080033a0        0x0
                0x00000000080033a0                . = ALIGN (0x4)
 *(.ARM.extab* .gnu.linkonce.armextab.*)
                0x00000000080033a0                . = ALIGN (0x4)

.ARM            0x00000000080033a0        0x0
                0x00000000080033a0                . = ALIGN (0x4)
                0x00000000080033a0                __exidx_start = .
 *(.ARM.exidx*)
                0x00000000080033a0                __exidx_end = .
                0x00000000080033a0                . = ALIGN (0x4)

.preinit_array  0x00000000080033a0        0x0
                0x00000000080033a0                . = ALIGN (0x4)
                0x00000000080033a0                PROVIDE (__preinit_array_start = .)
 *(.preinit_array*)
                0x00000000080033a0                PROVIDE (__preinit_array_end = .)
                0x00000000080033a0                . = ALIGN (0x4)

.init_array     0x00000000080033a0        0x4
                0x00000000080033a0                . = ALIGN (0x4)
                0x00000000080033a0                PROVIDE (__init_array_start = .)
 *(SORT_BY_NAME(.init_array.*))
 *(.init_array*)
 .init_array    0x00000000080033a0        0x4 c:/st/stm32cubeide_1.9.0/stm32cubeide/plugins/com.st.stm32cube.ide.mcu.externaltools.gnu-tools-for-stm32.10.3-2021.10.win32_1.0.0.202111181127/tools/bin/../lib/gcc/arm-none-eabi/10.3.1/thumb/v7-m/nofp/crtbegin.o
                0x00000000080033a4                PROVIDE (__init_array_end = .)
                0x00000000080033a4                . = ALIGN (0x4)

.fini_array     0x00000000080033a4        0x4
                0x00000000080033a4                . = ALIGN (0x4)
                [!provide]                        PROVIDE (__fini_array_start = .)
 *(SORT_BY_NAME(.fini_array.*))
 *(.fini_array*)
 .fini_array    0x00000000080033a4        0x4 c:/st/stm32cubeide_1.9.0/stm32cubeide/plugins/com.st.stm32cube.ide.mcu.externaltools.gnu-tools-for-stm32.10.3-2021.10.win32_1.0.0.202111181127/tools/bin/../lib/gcc/arm-none-eabi/10.3.1/thumb/v7-m/nofp/crtbegin.o
                [!provide]                        PROVIDE (__fini_array_end = .)
                0x00000000080033a8                . = ALIGN (0x4)
                0x00000000080033a8                _sidata = LOADADDR (.data)

.data           0x0000000020000000        0xc load address 0x00000000080033a8
                0x0000000020000000                . = ALIGN (0x4)
                0x0000000020000000                _sdata = .
 *(.data)
 *(.data*)
 .data.SystemCoreClock
                0x0000000020000000        0x4 ./Core/Src/system_stm32f1xx.o
                0x0000000020000000                SystemCoreClock
 .data.uwTickPrio
                0x0000000020000004        0x4 ./Drivers/STM32F1xx_HAL_Driver/Src/stm32f1xx_hal.o
                0x0000000020000004                uwTickPrio
 .data.uwTickFreq
                0x0000000020000008        0x1 ./Drivers/STM32F1xx_HAL_Driver/Src/stm32f1xx_hal.o
                0x0000000020000008                uwTickFreq
 *(.RamFunc)
 *(.RamFunc*)
                0x000000002000000c                . = ALIGN (0x4)
 *fill*         0x0000000020000009        0x3 
                0x000000002000000c                _edata = .

.igot.plt       0x000000002000000c        0x0 load address 0x00000000080033b4
 .igot.plt      0x000000002000000c        0x0 c:/st/stm32cubeide_1.9.0/stm32cubeide/plugins/com.st.stm32cube.ide.mcu.externaltools.gnu-tools-for-stm32.10.3-2021.10.win32_1.0.0.202111181127/tools/bin/../lib/gcc/arm-none-eabi/10.3.1/thumb/v7-m/nofp/crtbegin.o
                0x000000002000000c                . = ALIGN (0x4)

.bss            0x000000002000000c      0x194 load address 0x00000000080033b4
                0x000000002000000c                _sbss = .
                0x000000002000000c                __bss_start__ = _sbss
 *(.bss)
 .bss           0x000000002000000c       0x1c c:/st/stm32cubeide_1.9.0/stm32cubeide/plugins/com.st.stm32cube.ide.mcu.externaltools.gnu-tools-for-stm32.10.3-2021.10.win32_1.0.0.202111181127/tools/bin/../lib/gcc/arm-none-eabi/10.3.1/thumb/v7-m/nofp/crtbegin.o
 *(.bss*)
 .bss.imu       0x0000000020000028       0x50 ./Core/Src/main.o
                0x0000000020000028                imu
 .bss.hspi1     0x0000000020000078       0x58 ./Core/Src/spi.o
                0x0000000020000078                hspi1
 .bss.hdma_spi1_rx
                0x00000000200000d0       0x44 ./Core/Src/spi.o
                0x00000000200000d0                hdma_spi1_rx
 .bss.hdma_spi1_tx
                0x0000000020000114       0x44 ./Core/Src/spi.o
                0x0000000020000114                hdma_spi1_tx
 .bss.huart1    0x0000000020000158       0x44 ./Core/Src/usart.o
                0x0000000020000158                huart1
 .bss.uwTick    0x000000002000019c        0x4 ./Drivers/STM32F1xx_HAL_Driver/Src/stm32f1xx_hal.o
                0x000000002000019c                uwTick
 *(COMMON)
                0x00000000200001a0                . = ALIGN (0x4)
                0x00000000200001a0                _ebss = .
                0x00000000200001a0                __bss_end__ = _ebss

._user_heap_stack
                0x00000000200001a0      0x600 load address 0x00000000080033b4
                0x00000000200001a0                . = ALIGN (0x8)
                [!provide]                        PROVIDE (end = .)
                0x00000000200001a0                PROVIDE (_end = .)
                0x00000000200003a0                . = (. + _Min_Heap_Size)
 *fill*         0x00000000200001a0      0x200 
                0x00000000200007a0                . = (. + _Min_Stack_Size)
 *fill*         0x00000000200003a0      0x400 
                0x00000000200007a0                . = ALIGN (0x8)

/DISCARD/
 libc.a(*)
 libm.a(*)
 libgcc.a(*)

.ARM.attributes
                0x0000000000000000       0x29
 *(.ARM.attributes)
 .ARM.attributes
                0x0000000000000000       0x1d c:/st/stm32cubeide_1.9.0/stm32cubeide/plugins/com.st.stm32cube.ide.mcu.externaltools.gnu-tools-for-stm32.10.3-2021.10.win32_1.0.0.202111181127/tools/bin/../lib/gcc/arm-none-eabi/10.3.1/thumb/v7-m/nofp/crti.o
 .ARM.attributes
                0x000000000000001d       0x2d c:/st/stm32cubeide_1.9.0/stm32cubeide/plugins/com.st.stm32cube.ide.mcu.externaltools.gnu-tools-for-stm32.10.3-2021.10.win32_1.0.0.202111181127/tools/bin/../lib/gcc/arm-none-eabi/10.3.1/thumb/v7-m/nofp/crtbegin.o
 .ARM.attributes
                0x000000000000004a       0x2d ./Core/Src/Alt.o
 .ARM.attributes
                0x0000000000000077       0x2d ./Core/Src/BMI088.o
 .ARM.attributes
                0x00000000000000a4       0x2d ./Core/Src/dma.o
 .ARM.attributes
                0x00000000000000d1       0x2d ./Core/Src/gpio.o
 .ARM.attributes
                0x00000000000000fe       0x2d ./Core/Src/main.o
 .ARM.attributes
                0x000000000000012b       0x2d ./Core/Src/spi.o
 .ARM.attributes
                0x0000000000000158       0x2d ./Core/Src/stm32f1xx_hal_msp.o
 .ARM.attributes
                0x0000000000000185       0x2d ./Core/Src/stm32f1xx_it.o
 .ARM.attributes
                0x00000000000001b2       0x2d ./Core/Src/system_stm32f1xx.o
 .ARM.attributes
                0x00000000000001df       0x2d ./Core/Src/usart.o
 .ARM.attributes
                0x000000000000020c       0x21 ./Core/Startup/startup_stm32f103c6tx.o
 .ARM.attributes
                0x000000000000022d       0x2d ./Drivers/STM32F1xx_HAL_Driver/Src/stm32f1xx_hal.o
 .ARM.attributes
                0x000000000000025a       0x2d ./Drivers/STM32F1xx_HAL_Driver/Src/stm32f1xx_hal_cortex.o
 .ARM.attributes
                0x0000000000000287       0x2d ./Drivers/STM32F1xx_HAL_Driver/Src/stm32f1xx_hal_dma.o
 .ARM.attributes
                0x00000000000002b4       0x2d ./Drivers/STM32F1xx_HAL_Driver/Src/stm32f1xx_hal_gpio.o
 .ARM.attributes
                0x00000000000002e1       0x2d ./Drivers/STM32F1xx_HAL_Driver/Src/stm32f1xx_hal_rcc.o
 .ARM.attributes
                0x000000000000030e       0x2d ./Drivers/STM32F1xx_HAL_Driver/Src/stm32f1xx_hal_spi.o
 .ARM.attributes
                0x000000000000033b       0x2d ./Drivers/STM32F1xx_HAL_Driver/Src/stm32f1xx_hal_uart.o
 .ARM.attributes
                0x0000000000000368       0x2d c:/st/stm32cubeide_1.9.0/stm32cubeide/plugins/com.st.stm32cube.ide.mcu.externaltools.gnu-tools-for-stm32.10.3-2021.10.win32_1.0.0.202111181127/tools/bin/../lib/gcc/arm-none-eabi/10.3.1/../../../../arm-none-eabi/lib/thumb/v7-m/nofp\libc_nano.a(lib_a-init.o)
 .ARM.attributes
                0x0000000000000395       0x2d c:/st/stm32cubeide_1.9.0/stm32cubeide/plugins/com.st.stm32cube.ide.mcu.externaltools.gnu-tools-for-stm32.10.3-2021.10.win32_1.0.0.202111181127/tools/bin/../lib/gcc/arm-none-eabi/10.3.1/../../../../arm-none-eabi/lib/thumb/v7-m/nofp\libc_nano.a(lib_a-memset.o)
 .ARM.attributes
                0x00000000000003c2       0x1d c:/st/stm32cubeide_1.9.0/stm32cubeide/plugins/com.st.stm32cube.ide.mcu.externaltools.gnu-tools-for-stm32.10.3-2021.10.win32_1.0.0.202111181127/tools/bin/../lib/gcc/arm-none-eabi/10.3.1/thumb/v7-m/nofp\libgcc.a(_arm_mulsf3.o)
 .ARM.attributes
                0x00000000000003df       0x1d c:/st/stm32cubeide_1.9.0/stm32cubeide/plugins/com.st.stm32cube.ide.mcu.externaltools.gnu-tools-for-stm32.10.3-2021.10.win32_1.0.0.202111181127/tools/bin/../lib/gcc/arm-none-eabi/10.3.1/thumb/v7-m/nofp\libgcc.a(_arm_addsubsf3.o)
 .ARM.attributes
                0x00000000000003fc       0x1d c:/st/stm32cubeide_1.9.0/stm32cubeide/plugins/com.st.stm32cube.ide.mcu.externaltools.gnu-tools-for-stm32.10.3-2021.10.win32_1.0.0.202111181127/tools/bin/../lib/gcc/arm-none-eabi/10.3.1/thumb/v7-m/nofp/crtn.o
OUTPUT(Bluepill Blink.elf elf32-littlearm)
LOAD linker stubs
LOAD c:/st/stm32cubeide_1.9.0/stm32cubeide/plugins/com.st.stm32cube.ide.mcu.externaltools.gnu-tools-for-stm32.10.3-2021.10.win32_1.0.0.202111181127/tools/bin/../lib/gcc/arm-none-eabi/10.3.1/../../../../arm-none-eabi/lib/thumb/v7-m/nofp\libc.a
LOAD c:/st/stm32cubeide_1.9.0/stm32cubeide/plugins/com.st.stm32cube.ide.mcu.externaltools.gnu-tools-for-stm32.10.3-2021.10.win32_1.0.0.202111181127/tools/bin/../lib/gcc/arm-none-eabi/10.3.1/../../../../arm-none-eabi/lib/thumb/v7-m/nofp\libm.a
LOAD c:/st/stm32cubeide_1.9.0/stm32cubeide/plugins/com.st.stm32cube.ide.mcu.externaltools.gnu-tools-for-stm32.10.3-2021.10.win32_1.0.0.202111181127/tools/bin/../lib/gcc/arm-none-eabi/10.3.1/thumb/v7-m/nofp\libgcc.a

.debug_info     0x0000000000000000     0x9847
 .debug_info    0x0000000000000000      0x914 ./Core/Src/Alt.o
 .debug_info    0x0000000000000914      0xcf5 ./Core/Src/BMI088.o
 .debug_info    0x0000000000001609      0x2c8 ./Core/Src/dma.o
 .debug_info    0x00000000000018d1      0x470 ./Core/Src/gpio.o
 .debug_info    0x0000000000001d41      0xa94 ./Core/Src/main.o
 .debug_info    0x00000000000027d5      0x90c ./Core/Src/spi.o
 .debug_info    0x00000000000030e1      0x362 ./Core/Src/stm32f1xx_hal_msp.o
 .debug_info    0x0000000000003443      0x40c ./Core/Src/stm32f1xx_it.o
 .debug_info    0x000000000000384f      0x3f8 ./Core/Src/system_stm32f1xx.o
 .debug_info    0x0000000000003c47      0x7e2 ./Core/Src/usart.o
 .debug_info    0x0000000000004429       0x22 ./Core/Startup/startup_stm32f103c6tx.o
 .debug_info    0x000000000000444b      0x716 ./Drivers/STM32F1xx_HAL_Driver/Src/stm32f1xx_hal.o
 .debug_info    0x0000000000004b61      0xb02 ./Drivers/STM32F1xx_HAL_Driver/Src/stm32f1xx_hal_cortex.o
 .debug_info    0x0000000000005663      0x73f ./Drivers/STM32F1xx_HAL_Driver/Src/stm32f1xx_hal_dma.o
 .debug_info    0x0000000000005da2      0x615 ./Drivers/STM32F1xx_HAL_Driver/Src/stm32f1xx_hal_gpio.o
 .debug_info    0x00000000000063b7      0x860 ./Drivers/STM32F1xx_HAL_Driver/Src/stm32f1xx_hal_rcc.o
 .debug_info    0x0000000000006c17     0x1658 ./Drivers/STM32F1xx_HAL_Driver/Src/stm32f1xx_hal_spi.o
 .debug_info    0x000000000000826f     0x15d8 ./Drivers/STM32F1xx_HAL_Driver/Src/stm32f1xx_hal_uart.o

.debug_abbrev   0x0000000000000000     0x20c0
 .debug_abbrev  0x0000000000000000      0x208 ./Core/Src/Alt.o
 .debug_abbrev  0x0000000000000208      0x237 ./Core/Src/BMI088.o
 .debug_abbrev  0x000000000000043f       0xf8 ./Core/Src/dma.o
 .debug_abbrev  0x0000000000000537      0x152 ./Core/Src/gpio.o
 .debug_abbrev  0x0000000000000689      0x271 ./Core/Src/main.o
 .debug_abbrev  0x00000000000008fa      0x1f3 ./Core/Src/spi.o
 .debug_abbrev  0x0000000000000aed      0x115 ./Core/Src/stm32f1xx_hal_msp.o
 .debug_abbrev  0x0000000000000c02      0x174 ./Core/Src/stm32f1xx_it.o
 .debug_abbrev  0x0000000000000d76      0x13b ./Core/Src/system_stm32f1xx.o
 .debug_abbrev  0x0000000000000eb1      0x1ce ./Core/Src/usart.o
 .debug_abbrev  0x000000000000107f       0x12 ./Core/Startup/startup_stm32f103c6tx.o
 .debug_abbrev  0x0000000000001091      0x1fb ./Drivers/STM32F1xx_HAL_Driver/Src/stm32f1xx_hal.o
 .debug_abbrev  0x000000000000128c      0x2ed ./Drivers/STM32F1xx_HAL_Driver/Src/stm32f1xx_hal_cortex.o
 .debug_abbrev  0x0000000000001579      0x1fe ./Drivers/STM32F1xx_HAL_Driver/Src/stm32f1xx_hal_dma.o
 .debug_abbrev  0x0000000000001777      0x1bb ./Drivers/STM32F1xx_HAL_Driver/Src/stm32f1xx_hal_gpio.o
 .debug_abbrev  0x0000000000001932      0x2a8 ./Drivers/STM32F1xx_HAL_Driver/Src/stm32f1xx_hal_rcc.o
 .debug_abbrev  0x0000000000001bda      0x26e ./Drivers/STM32F1xx_HAL_Driver/Src/stm32f1xx_hal_spi.o
 .debug_abbrev  0x0000000000001e48      0x278 ./Drivers/STM32F1xx_HAL_Driver/Src/stm32f1xx_hal_uart.o

.debug_aranges  0x0000000000000000      0x9a8
 .debug_aranges
                0x0000000000000000       0x40 ./Core/Src/Alt.o
 .debug_aranges
                0x0000000000000040       0x80 ./Core/Src/BMI088.o
 .debug_aranges
                0x00000000000000c0       0x20 ./Core/Src/dma.o
 .debug_aranges
                0x00000000000000e0       0x20 ./Core/Src/gpio.o
 .debug_aranges
                0x0000000000000100       0x40 ./Core/Src/main.o
 .debug_aranges
                0x0000000000000140       0x30 ./Core/Src/spi.o
 .debug_aranges
                0x0000000000000170       0x20 ./Core/Src/stm32f1xx_hal_msp.o
 .debug_aranges
                0x0000000000000190       0x80 ./Core/Src/stm32f1xx_it.o
 .debug_aranges
                0x0000000000000210       0x28 ./Core/Src/system_stm32f1xx.o
 .debug_aranges
                0x0000000000000238       0x30 ./Core/Src/usart.o
 .debug_aranges
                0x0000000000000268       0x28 ./Core/Startup/startup_stm32f103c6tx.o
 .debug_aranges
                0x0000000000000290       0xe0 ./Drivers/STM32F1xx_HAL_Driver/Src/stm32f1xx_hal.o
 .debug_aranges
                0x0000000000000370      0x100 ./Drivers/STM32F1xx_HAL_Driver/Src/stm32f1xx_hal_cortex.o
 .debug_aranges
                0x0000000000000470       0x80 ./Drivers/STM32F1xx_HAL_Driver/Src/stm32f1xx_hal_dma.o
 .debug_aranges
                0x00000000000004f0       0x58 ./Drivers/STM32F1xx_HAL_Driver/Src/stm32f1xx_hal_gpio.o
 .debug_aranges
                0x0000000000000548       0x90 ./Drivers/STM32F1xx_HAL_Driver/Src/stm32f1xx_hal_rcc.o
 .debug_aranges
                0x00000000000005d8      0x1d0 ./Drivers/STM32F1xx_HAL_Driver/Src/stm32f1xx_hal_spi.o
 .debug_aranges
                0x00000000000007a8      0x200 ./Drivers/STM32F1xx_HAL_Driver/Src/stm32f1xx_hal_uart.o

.debug_ranges   0x0000000000000000      0x8c0
 .debug_ranges  0x0000000000000000       0x30 ./Core/Src/Alt.o
 .debug_ranges  0x0000000000000030       0x70 ./Core/Src/BMI088.o
 .debug_ranges  0x00000000000000a0       0x10 ./Core/Src/dma.o
 .debug_ranges  0x00000000000000b0       0x10 ./Core/Src/gpio.o
 .debug_ranges  0x00000000000000c0       0x30 ./Core/Src/main.o
 .debug_ranges  0x00000000000000f0       0x20 ./Core/Src/spi.o
 .debug_ranges  0x0000000000000110       0x10 ./Core/Src/stm32f1xx_hal_msp.o
 .debug_ranges  0x0000000000000120       0x70 ./Core/Src/stm32f1xx_it.o
 .debug_ranges  0x0000000000000190       0x18 ./Core/Src/system_stm32f1xx.o
 .debug_ranges  0x00000000000001a8       0x20 ./Core/Src/usart.o
 .debug_ranges  0x00000000000001c8       0x20 ./Core/Startup/startup_stm32f103c6tx.o
 .debug_ranges  0x00000000000001e8       0xd0 ./Drivers/STM32F1xx_HAL_Driver/Src/stm32f1xx_hal.o
 .debug_ranges  0x00000000000002b8       0xf0 ./Drivers/STM32F1xx_HAL_Driver/Src/stm32f1xx_hal_cortex.o
 .debug_ranges  0x00000000000003a8       0x70 ./Drivers/STM32F1xx_HAL_Driver/Src/stm32f1xx_hal_dma.o
 .debug_ranges  0x0000000000000418       0x48 ./Drivers/STM32F1xx_HAL_Driver/Src/stm32f1xx_hal_gpio.o
 .debug_ranges  0x0000000000000460       0x80 ./Drivers/STM32F1xx_HAL_Driver/Src/stm32f1xx_hal_rcc.o
 .debug_ranges  0x00000000000004e0      0x1c0 ./Drivers/STM32F1xx_HAL_Driver/Src/stm32f1xx_hal_spi.o
 .debug_ranges  0x00000000000006a0      0x220 ./Drivers/STM32F1xx_HAL_Driver/Src/stm32f1xx_hal_uart.o

.debug_macro    0x0000000000000000    0x173c7
 .debug_macro   0x0000000000000000      0x1aa ./Core/Src/Alt.o
 .debug_macro   0x00000000000001aa      0xa6c ./Core/Src/Alt.o
 .debug_macro   0x0000000000000c16      0x221 ./Core/Src/Alt.o
 .debug_macro   0x0000000000000e37       0x2e ./Core/Src/Alt.o
 .debug_macro   0x0000000000000e65       0x22 ./Core/Src/Alt.o
 .debug_macro   0x0000000000000e87       0x22 ./Core/Src/Alt.o
 .debug_macro   0x0000000000000ea9       0x8e ./Core/Src/Alt.o
 .debug_macro   0x0000000000000f37       0x51 ./Core/Src/Alt.o
 .debug_macro   0x0000000000000f88      0x103 ./Core/Src/Alt.o
 .debug_macro   0x000000000000108b       0x6a ./Core/Src/Alt.o
 .debug_macro   0x00000000000010f5      0x1df ./Core/Src/Alt.o
 .debug_macro   0x00000000000012d4       0x1c ./Core/Src/Alt.o
 .debug_macro   0x00000000000012f0       0x22 ./Core/Src/Alt.o
 .debug_macro   0x0000000000001312       0xbd ./Core/Src/Alt.o
 .debug_macro   0x00000000000013cf      0xd23 ./Core/Src/Alt.o
 .debug_macro   0x00000000000020f2     0xde75 ./Core/Src/Alt.o
 .debug_macro   0x000000000000ff67       0x6d ./Core/Src/Alt.o
 .debug_macro   0x000000000000ffd4     0x3468 ./Core/Src/Alt.o
 .debug_macro   0x000000000001343c      0x174 ./Core/Src/Alt.o
 .debug_macro   0x00000000000135b0       0x5c ./Core/Src/Alt.o
 .debug_macro   0x000000000001360c      0x5be ./Core/Src/Alt.o
 .debug_macro   0x0000000000013bca      0x1b7 ./Core/Src/Alt.o
 .debug_macro   0x0000000000013d81      0x1cb ./Core/Src/Alt.o
 .debug_macro   0x0000000000013f4c      0x114 ./Core/Src/Alt.o
 .debug_macro   0x0000000000014060      0x1b2 ./Core/Src/Alt.o
 .debug_macro   0x0000000000014212       0x27 ./Core/Src/Alt.o
 .debug_macro   0x0000000000014239      0x12f ./Core/Src/Alt.o
 .debug_macro   0x0000000000014368      0x1bc ./Core/Src/Alt.o
 .debug_macro   0x0000000000014524       0x34 ./Core/Src/Alt.o
 .debug_macro   0x0000000000014558       0x3c ./Core/Src/Alt.o
 .debug_macro   0x0000000000014594       0x57 ./Core/Src/Alt.o
 .debug_macro   0x00000000000145eb       0x88 ./Core/Src/Alt.o
 .debug_macro   0x0000000000014673      0x183 ./Core/Src/Alt.o
 .debug_macro   0x00000000000147f6      0x141 ./Core/Src/Alt.o
 .debug_macro   0x0000000000014937      0x217 ./Core/Src/Alt.o
 .debug_macro   0x0000000000014b4e      0x279 ./Core/Src/Alt.o
 .debug_macro   0x0000000000014dc7       0x69 ./Core/Src/Alt.o
 .debug_macro   0x0000000000014e30       0x46 ./Core/Src/Alt.o
 .debug_macro   0x0000000000014e76      0x1af ./Core/Src/BMI088.o
 .debug_macro   0x0000000000015025       0x70 ./Core/Src/BMI088.o
 .debug_macro   0x0000000000015095      0x1b0 ./Core/Src/dma.o
 .debug_macro   0x0000000000015245       0x40 ./Core/Src/dma.o
 .debug_macro   0x0000000000015285      0x1b0 ./Core/Src/gpio.o
 .debug_macro   0x0000000000015435      0x290 ./Core/Src/main.o
 .debug_macro   0x00000000000156c5       0x76 ./Core/Src/main.o
 .debug_macro   0x000000000001573b       0x52 ./Core/Src/main.o
 .debug_macro   0x000000000001578d       0x18 ./Core/Src/main.o
 .debug_macro   0x00000000000157a5       0x3c ./Core/Src/main.o
 .debug_macro   0x00000000000157e1       0x34 ./Core/Src/main.o
 .debug_macro   0x0000000000015815       0x16 ./Core/Src/main.o
 .debug_macro   0x000000000001582b       0x43 ./Core/Src/main.o
 .debug_macro   0x000000000001586e       0x34 ./Core/Src/main.o
 .debug_macro   0x00000000000158a2       0x10 ./Core/Src/main.o
 .debug_macro   0x00000000000158b2       0x58 ./Core/Src/main.o
 .debug_macro   0x000000000001590a       0x71 ./Core/Src/main.o
 .debug_macro   0x000000000001597b       0x1c ./Core/Src/main.o
 .debug_macro   0x0000000000015997      0x12a ./Core/Src/main.o
 .debug_macro   0x0000000000015ac1      0x341 ./Core/Src/main.o
 .debug_macro   0x0000000000015e02      0x19b ./Core/Src/main.o
 .debug_macro   0x0000000000015f9d      0x1b0 ./Core/Src/spi.o
 .debug_macro   0x000000000001614d      0x1a6 ./Core/Src/stm32f1xx_hal_msp.o
 .debug_macro   0x00000000000162f3      0x1b0 ./Core/Src/stm32f1xx_it.o
 .debug_macro   0x00000000000164a3      0x1a9 ./Core/Src/system_stm32f1xx.o
 .debug_macro   0x000000000001664c      0x1b0 ./Core/Src/usart.o
 .debug_macro   0x00000000000167fc      0x1bb ./Drivers/STM32F1xx_HAL_Driver/Src/stm32f1xx_hal.o
 .debug_macro   0x00000000000169b7      0x197 ./Drivers/STM32F1xx_HAL_Driver/Src/stm32f1xx_hal_cortex.o
 .debug_macro   0x0000000000016b4e      0x197 ./Drivers/STM32F1xx_HAL_Driver/Src/stm32f1xx_hal_dma.o
 .debug_macro   0x0000000000016ce5      0x202 ./Drivers/STM32F1xx_HAL_Driver/Src/stm32f1xx_hal_gpio.o
 .debug_macro   0x0000000000016ee7      0x1a9 ./Drivers/STM32F1xx_HAL_Driver/Src/stm32f1xx_hal_rcc.o
 .debug_macro   0x0000000000017090      0x19f ./Drivers/STM32F1xx_HAL_Driver/Src/stm32f1xx_hal_spi.o
 .debug_macro   0x000000000001722f      0x198 ./Drivers/STM32F1xx_HAL_Driver/Src/stm32f1xx_hal_uart.o

.debug_line     0x0000000000000000     0xb79b
 .debug_line    0x0000000000000000      0x7d6 ./Core/Src/Alt.o
 .debug_line    0x00000000000007d6      0xa21 ./Core/Src/BMI088.o
 .debug_line    0x00000000000011f7      0x651 ./Core/Src/dma.o
 .debug_line    0x0000000000001848      0x689 ./Core/Src/gpio.o
 .debug_line    0x0000000000001ed1      0x89f ./Core/Src/main.o
 .debug_line    0x0000000000002770      0x713 ./Core/Src/spi.o
 .debug_line    0x0000000000002e83      0x655 ./Core/Src/stm32f1xx_hal_msp.o
 .debug_line    0x00000000000034d8      0x776 ./Core/Src/stm32f1xx_it.o
 .debug_line    0x0000000000003c4e      0x6da ./Core/Src/system_stm32f1xx.o
 .debug_line    0x0000000000004328      0x6c3 ./Core/Src/usart.o
 .debug_line    0x00000000000049eb       0x87 ./Core/Startup/startup_stm32f103c6tx.o
 .debug_line    0x0000000000004a72      0x8ff ./Drivers/STM32F1xx_HAL_Driver/Src/stm32f1xx_hal.o
 .debug_line    0x0000000000005371      0xae7 ./Drivers/STM32F1xx_HAL_Driver/Src/stm32f1xx_hal_cortex.o
 .debug_line    0x0000000000005e58      0xd57 ./Drivers/STM32F1xx_HAL_Driver/Src/stm32f1xx_hal_dma.o
 .debug_line    0x0000000000006baf      0x981 ./Drivers/STM32F1xx_HAL_Driver/Src/stm32f1xx_hal_gpio.o
 .debug_line    0x0000000000007530      0xd0d ./Drivers/STM32F1xx_HAL_Driver/Src/stm32f1xx_hal_rcc.o
 .debug_line    0x000000000000823d     0x1b84 ./Drivers/STM32F1xx_HAL_Driver/Src/stm32f1xx_hal_spi.o
 .debug_line    0x0000000000009dc1     0x19da ./Drivers/STM32F1xx_HAL_Driver/Src/stm32f1xx_hal_uart.o

.debug_str      0x0000000000000000    0x81444
 .debug_str     0x0000000000000000    0x7b917 ./Core/Src/Alt.o
                                      0x7bcd9 (size before relaxing)
 .debug_str     0x000000000007b917      0x401 ./Core/Src/BMI088.o
                                      0x7bfe3 (size before relaxing)
 .debug_str     0x000000000007bd18      0x2ae ./Core/Src/dma.o
                                      0x7ba91 (size before relaxing)
 .debug_str     0x000000000007bfc6       0x66 ./Core/Src/gpio.o
                                      0x7bb3a (size before relaxing)
 .debug_str     0x000000000007c02c     0x3792 ./Core/Src/main.o
                                      0x7f628 (size before relaxing)
 .debug_str     0x000000000007f7be       0xb5 ./Core/Src/spi.o
                                      0x7bce2 (size before relaxing)
 .debug_str     0x000000000007f873       0x2c ./Core/Src/stm32f1xx_hal_msp.o
                                      0x7baaf (size before relaxing)
 .debug_str     0x000000000007f89f      0x14b ./Core/Src/stm32f1xx_it.o
                                      0x7baa5 (size before relaxing)
 .debug_str     0x000000000007f9ea      0x128 ./Core/Src/system_stm32f1xx.o
                                      0x7b7ee (size before relaxing)
 .debug_str     0x000000000007fb12      0x1c8 ./Core/Src/usart.o
                                      0x7bc8d (size before relaxing)
 .debug_str     0x000000000007fcda       0x36 ./Core/Startup/startup_stm32f103c6tx.o
                                         0x77 (size before relaxing)
 .debug_str     0x000000000007fd10      0x37a ./Drivers/STM32F1xx_HAL_Driver/Src/stm32f1xx_hal.o
                                      0x7be33 (size before relaxing)
 .debug_str     0x000000000008008a      0x24a ./Drivers/STM32F1xx_HAL_Driver/Src/stm32f1xx_hal_cortex.o
                                      0x7bd7f (size before relaxing)
 .debug_str     0x00000000000802d4      0x206 ./Drivers/STM32F1xx_HAL_Driver/Src/stm32f1xx_hal_dma.o
                                      0x7bae3 (size before relaxing)
 .debug_str     0x00000000000804da      0x2a8 ./Drivers/STM32F1xx_HAL_Driver/Src/stm32f1xx_hal_gpio.o
                                      0x7bac0 (size before relaxing)
 .debug_str     0x0000000000080782      0x229 ./Drivers/STM32F1xx_HAL_Driver/Src/stm32f1xx_hal_rcc.o
                                      0x7bb69 (size before relaxing)
 .debug_str     0x00000000000809ab      0x4bd ./Drivers/STM32F1xx_HAL_Driver/Src/stm32f1xx_hal_spi.o
                                      0x7c066 (size before relaxing)
 .debug_str     0x0000000000080e68      0x5dc ./Drivers/STM32F1xx_HAL_Driver/Src/stm32f1xx_hal_uart.o
                                      0x7c174 (size before relaxing)

.comment        0x0000000000000000       0x50
 .comment       0x0000000000000000       0x50 ./Core/Src/Alt.o
                                         0x51 (size before relaxing)
 .comment       0x0000000000000050       0x51 ./Core/Src/BMI088.o
 .comment       0x0000000000000050       0x51 ./Core/Src/dma.o
 .comment       0x0000000000000050       0x51 ./Core/Src/gpio.o
 .comment       0x0000000000000050       0x51 ./Core/Src/main.o
 .comment       0x0000000000000050       0x51 ./Core/Src/spi.o
 .comment       0x0000000000000050       0x51 ./Core/Src/stm32f1xx_hal_msp.o
 .comment       0x0000000000000050       0x51 ./Core/Src/stm32f1xx_it.o
 .comment       0x0000000000000050       0x51 ./Core/Src/system_stm32f1xx.o
 .comment       0x0000000000000050       0x51 ./Core/Src/usart.o
 .comment       0x0000000000000050       0x51 ./Drivers/STM32F1xx_HAL_Driver/Src/stm32f1xx_hal.o
 .comment       0x0000000000000050       0x51 ./Drivers/STM32F1xx_HAL_Driver/Src/stm32f1xx_hal_cortex.o
 .comment       0x0000000000000050       0x51 ./Drivers/STM32F1xx_HAL_Driver/Src/stm32f1xx_hal_dma.o
 .comment       0x0000000000000050       0x51 ./Drivers/STM32F1xx_HAL_Driver/Src/stm32f1xx_hal_gpio.o
 .comment       0x0000000000000050       0x51 ./Drivers/STM32F1xx_HAL_Driver/Src/stm32f1xx_hal_rcc.o
 .comment       0x0000000000000050       0x51 ./Drivers/STM32F1xx_HAL_Driver/Src/stm32f1xx_hal_spi.o
 .comment       0x0000000000000050       0x51 ./Drivers/STM32F1xx_HAL_Driver/Src/stm32f1xx_hal_uart.o

.debug_frame    0x0000000000000000     0x257c
 .debug_frame   0x0000000000000000       0xc4 ./Core/Src/Alt.o
 .debug_frame   0x00000000000000c4      0x1f4 ./Core/Src/BMI088.o
 .debug_frame   0x00000000000002b8       0x34 ./Core/Src/dma.o
 .debug_frame   0x00000000000002ec       0x34 ./Core/Src/gpio.o
 .debug_frame   0x0000000000000320       0xb4 ./Core/Src/main.o
 .debug_frame   0x00000000000003d4       0x74 ./Core/Src/spi.o
 .debug_frame   0x0000000000000448       0x34 ./Core/Src/stm32f1xx_hal_msp.o
 .debug_frame   0x000000000000047c      0x174 ./Core/Src/stm32f1xx_it.o
 .debug_frame   0x00000000000005f0       0x58 ./Core/Src/system_stm32f1xx.o
 .debug_frame   0x0000000000000648       0x74 ./Core/Src/usart.o
 .debug_frame   0x00000000000006bc      0x334 ./Drivers/STM32F1xx_HAL_Driver/Src/stm32f1xx_hal.o
 .debug_frame   0x00000000000009f0      0x428 ./Drivers/STM32F1xx_HAL_Driver/Src/stm32f1xx_hal_cortex.o
 .debug_frame   0x0000000000000e18      0x208 ./Drivers/STM32F1xx_HAL_Driver/Src/stm32f1xx_hal_dma.o
 .debug_frame   0x0000000000001020      0x14c ./Drivers/STM32F1xx_HAL_Driver/Src/stm32f1xx_hal_gpio.o
 .debug_frame   0x000000000000116c      0x21c ./Drivers/STM32F1xx_HAL_Driver/Src/stm32f1xx_hal_rcc.o
 .debug_frame   0x0000000000001388      0x824 ./Drivers/STM32F1xx_HAL_Driver/Src/stm32f1xx_hal_spi.o
 .debug_frame   0x0000000000001bac      0x914 ./Drivers/STM32F1xx_HAL_Driver/Src/stm32f1xx_hal_uart.o
 .debug_frame   0x00000000000024c0       0x2c c:/st/stm32cubeide_1.9.0/stm32cubeide/plugins/com.st.stm32cube.ide.mcu.externaltools.gnu-tools-for-stm32.10.3-2021.10.win32_1.0.0.202111181127/tools/bin/../lib/gcc/arm-none-eabi/10.3.1/../../../../arm-none-eabi/lib/thumb/v7-m/nofp\libc_nano.a(lib_a-init.o)
 .debug_frame   0x00000000000024ec       0x20 c:/st/stm32cubeide_1.9.0/stm32cubeide/plugins/com.st.stm32cube.ide.mcu.externaltools.gnu-tools-for-stm32.10.3-2021.10.win32_1.0.0.202111181127/tools/bin/../lib/gcc/arm-none-eabi/10.3.1/../../../../arm-none-eabi/lib/thumb/v7-m/nofp\libc_nano.a(lib_a-memset.o)
 .debug_frame   0x000000000000250c       0x24 c:/st/stm32cubeide_1.9.0/stm32cubeide/plugins/com.st.stm32cube.ide.mcu.externaltools.gnu-tools-for-stm32.10.3-2021.10.win32_1.0.0.202111181127/tools/bin/../lib/gcc/arm-none-eabi/10.3.1/thumb/v7-m/nofp\libgcc.a(_arm_mulsf3.o)
 .debug_frame   0x0000000000002530       0x4c c:/st/stm32cubeide_1.9.0/stm32cubeide/plugins/com.st.stm32cube.ide.mcu.externaltools.gnu-tools-for-stm32.10.3-2021.10.win32_1.0.0.202111181127/tools/bin/../lib/gcc/arm-none-eabi/10.3.1/thumb/v7-m/nofp\libgcc.a(_arm_addsubsf3.o)
