../Core/Src/main.c:72:5:main	72	static
../Core/Src/main.c:153:6:SystemClock_Config	72	static
../Core/Src/main.c:193:13:MX_SPI1_Init	8	static
../Core/Src/main.c:231:13:MX_USART1_UART_Init	8	static
../Core/Src/main.c:264:13:MX_GPIO_Init	40	static
../Core/Src/main.c:297:6:led	16	static
../Core/Src/main.c:306:6:enable_alt	8	static
../Core/Src/main.c:311:6:disable_alt	8	static
../Core/Src/main.c:317:6:read_prom	24	static
../Core/Src/main.c:341:6:read_temp_press	88	static
../Core/Src/main.c:394:6:Error_Handler	4	static,ignoring_inline_asm
